// Jest Snapshot v1, https://goo.gl/fbAQLP

exports[`Components Testing Should test for the HomePage component 1`] = `
<div
  className="home"
>
  <h2
    className="home-head"
  >
    This is the home page
  </h2>
  <p>
    Step into a world of comfort, warmth, and hospitality. We are thrilled to extend a heartfelt welcome to you on our home page.
  </p>
</div>
`;

exports[`Components Testing Should test for the Quotes component 1`] = `
<div
  className="loading quotes"
>
  <h2>
    Loading.....
  </h2>
</div>
`;

exports[`Components Testing Should test for the calculator component 1`] = `
<div
  className="calculator"
>
  <div
    className="result"
  >
    <p>
      0
    </p>
  </div>
  <button
    className="AC"
    onClick={[Function]}
    type="button"
  >
    AC
  </button>
  <button
    className="plusnsub"
    onClick={[Function]}
    type="button"
  >
    +/-
  </button>
  <button
    className="percentage"
    onClick={[Function]}
    type="button"
  >
    %
  </button>
  <button
    className="division orange"
    onClick={[Function]}
    type="button"
  >
    ÷
  </button>
  <button
    className="seven"
    onClick={[Function]}
    type="button"
  >
    7
  </button>
  <button
    className="eight"
    onClick={[Function]}
    type="button"
  >
    8
  </button>
  <button
    className="nine"
    onClick={[Function]}
    type="button"
  >
    9
  </button>
  <button
    className="multi orange"
    onClick={[Function]}
    type="button"
  >
    x
  </button>
  <button
    className="four"
    onClick={[Function]}
    type="button"
  >
    4
  </button>
  <button
    className="five"
    onClick={[Function]}
    type="button"
  >
    5
  </button>
  <button
    className="six"
    onClick={[Function]}
    type="button"
  >
    6
  </button>
  <button
    className="substract orange"
    onClick={[Function]}
    type="button"
  >
    -
  </button>
  <button
    className="one"
    onClick={[Function]}
    type="button"
  >
    1
  </button>
  <button
    className="two"
    onClick={[Function]}
    type="button"
  >
    2
  </button>
  <button
    className="three"
    onClick={[Function]}
    type="button"
  >
    3
  </button>
  <button
    className="plus orange"
    onClick={[Function]}
    type="button"
  >
    +
  </button>
  <button
    className="zeroo"
    onClick={[Function]}
    type="button"
  >
    0
  </button>
  <button
    className="dott"
    onClick={[Function]}
    type="button"
  >
    .
  </button>
  <button
    className="equal orange"
    onClick={[Function]}
    type="button"
  >
    =
  </button>
</div>
`;

exports[`Components Testing Should test for the layout component 1`] = `
<div
  className="menu"
>
  <h2>
    Math magicians
  </h2>
  <ul>
    <li>
      <a
        href="/"
        onClick={[Function]}
      >
        Home
      </a>
    </li>
    <li>
      <a
        href="/calculator"
        onClick={[Function]}
      >
        Calculator
      </a>
    </li>
    <li>
      <a
        href="/quotes"
        onClick={[Function]}
      >
        Qoutes
      </a>
    </li>
  </ul>
</div>
`;
